Alumno@2CI240A6411D964 MINGW32 /c/tp-3-v1/git (custom-navbar)
$ git checkout master
error: Your local changes to the following files would be overwritten by checkout:
        website.html
Please commit your changes or stash them before you switch branches.
Aborting

Alumno@2CI240A6411D964 MINGW32 /c/tp-3-v1/git (custom-navbar)
$ git stash
warning: in the working copy of 'website.html', LF will be replaced by CRLF the next time Git touches it
Saved working directory and index state WIP on custom-navbar: b1c4c4c add websit

Alumno@2CI240A6411D964 MINGW32 /c/tp-3-v1/git (master)
$ git commit -m"solucion del tp"
[master 08d80c4] solucion del tp
 2 files changed, 4 deletions(-)
 create mode 100644 solucion-TP.txt
 delete mode 100644 status.js

Alumno@2CI240A6411D964 MINGW32 /c/tp-3-v1/git (custom-navbar)
$ git stash show
 website.html | 2 +-
 1 file changed, 1 insertion(+), 1 deletion(-)

Alumno@2CI240A6411D964 MINGW32 /c/tp-3-v1/git (custom-navbar)
$ git stash pop
On branch custom-navbar
Changes not staged for commit:
  (use "git add <file>..." to update what will be committed)
  (use "git restore <file>..." to discard changes in working directory)
        modified:   website.html

